---
source: src/bin/help/main.rs
expression: render(uninstall_help())
---
[1mNAME[0m
    [3msdk uninstall[0m - sdk subcommand to uninstall a candidate version

[1mSYNOPSIS[0m
    [3msdk uninstall <candidate> <version>[0m

[1mDESCRIPTION[0m
    Always follow the subcommand with two qualifiers, the candidate and version
    to be uninstalled.

    The specified version will be removed from the corresponding candidate
    directory under [4m$SDKMAN_DIR/candidates[0m and will no longer be available for
    use on the system.

[1mEXIT CODE[0m
    An invalid candidate or version supplied to the subcommand will result in a
    non-zero return code.

[1mMNEMONIC[0m
    [1mrm[0m - may be used in place of the [1muninstall[0m subcommand.

[1mEXAMPLES[0m
    [3msdk uninstall java 17.0.0-tem[0m
