---
source: src/bin/help/main.rs
expression: render(home_help())
---
[1mNAME[0m
    [3msdk home[0m - sdk subcommand to output the path of a specific candidate version

[1mSYNOPSIS[0m
    [3msdk home <candidate> <version>[0m

[1mDESCRIPTION[0m
    Print the absolute home path of any candidate version installed by SDKMAN.
    The candidate and version parameters are mandatory. This subcommand is
    usually used for scripting, so does not append a newline character.

[1mEXIT CODE[0m
    The subcommand will emit a non-zero exit code if a valid candidate version
    is not locally installed.

[1mEXAMPLES[0m
    [3msdk home java 17.0.0-tem[0m
